+range-from=0&to=4:
  echo>: do
  _export:
    range: {from: 0, to: 4, index: 0}
+range-from=4&to=8:
  echo>: do
  _export:
    range: {from: 4, to: 8, index: 1}
+range-from=8&to=10:
  echo>: do
  _export:
    range: {from: 8, to: 10, index: 2}
